stm32l0xx_hal_uart.c:292:19:HAL_UART_Init	16	static
stm32l0xx_hal_uart.c:367:19:HAL_HalfDuplex_Init	16	static
stm32l0xx_hal_uart.c:442:19:HAL_LIN_Init	16	static
stm32l0xx_hal_uart.c:541:19:HAL_MultiProcessor_Init	24	static
stm32l0xx_hal_uart.c:617:19:HAL_UART_DeInit	16	static
stm32l0xx_hal_uart.c:664:13:HAL_UART_MspInit	16	static
stm32l0xx_hal_uart.c:679:13:HAL_UART_MspDeInit	16	static
stm32l0xx_hal_uart.c:1035:19:HAL_UART_Transmit	48	static
stm32l0xx_hal_uart.c:1134:19:HAL_UART_Receive	48	static
stm32l0xx_hal_uart.c:1233:19:HAL_UART_Transmit_IT	24	static
stm32l0xx_hal_uart.c:1300:19:HAL_UART_Receive_IT	24	static
stm32l0xx_hal_uart.c:1373:19:HAL_UART_Transmit_DMA	24	static
stm32l0xx_hal_uart.c:1464:19:HAL_UART_Receive_DMA	24	static
stm32l0xx_hal_uart.c:1549:19:HAL_UART_DMAPause	24	static
stm32l0xx_hal_uart.c:1585:19:HAL_UART_DMAResume	16	static
stm32l0xx_hal_uart.c:1619:19:HAL_UART_DMAStop	24	static
stm32l0xx_hal_uart.c:1694:19:HAL_UART_Abort	16	static
stm32l0xx_hal_uart.c:1783:19:HAL_UART_AbortTransmit	16	static
stm32l0xx_hal_uart.c:1835:19:HAL_UART_AbortReceive	16	static
stm32l0xx_hal_uart.c:1895:19:HAL_UART_Abort_IT	24	static
stm32l0xx_hal_uart.c:2034:19:HAL_UART_AbortTransmit_IT	16	static
stm32l0xx_hal_uart.c:2118:19:HAL_UART_AbortReceive_IT	16	static
stm32l0xx_hal_uart.c:2202:6:HAL_UART_IRQHandler	40	static
stm32l0xx_hal_uart.c:2395:13:HAL_UART_TxCpltCallback	16	static
stm32l0xx_hal_uart.c:2410:13:HAL_UART_TxHalfCpltCallback	16	static
stm32l0xx_hal_uart.c:2425:13:HAL_UART_RxCpltCallback	16	static
stm32l0xx_hal_uart.c:2440:13:HAL_UART_RxHalfCpltCallback	16	static
stm32l0xx_hal_uart.c:2455:13:HAL_UART_ErrorCallback	16	static
stm32l0xx_hal_uart.c:2470:13:HAL_UART_AbortCpltCallback	16	static
stm32l0xx_hal_uart.c:2485:13:HAL_UART_AbortTransmitCpltCallback	16	static
stm32l0xx_hal_uart.c:2500:13:HAL_UART_AbortReceiveCpltCallback	16	static
stm32l0xx_hal_uart.c:2542:19:HAL_MultiProcessor_EnableMuteMode	16	static
stm32l0xx_hal_uart.c:2563:19:HAL_MultiProcessor_DisableMuteMode	16	static
stm32l0xx_hal_uart.c:2584:6:HAL_MultiProcessor_EnterMuteMode	16	static
stm32l0xx_hal_uart.c:2594:19:HAL_HalfDuplex_EnableTransmitter	16	static
stm32l0xx_hal_uart.c:2619:19:HAL_HalfDuplex_EnableReceiver	16	static
stm32l0xx_hal_uart.c:2645:19:HAL_LIN_SendBreak	16	static
stm32l0xx_hal_uart.c:2692:23:HAL_UART_GetState	24	static
stm32l0xx_hal_uart.c:2707:10:HAL_UART_GetError	16	static
stm32l0xx_hal_uart.c:2750:19:UART_SetConfig	72	static
stm32l0xx_hal_uart.c:2967:6:UART_AdvFeatureConfig	16	static
stm32l0xx_hal_uart.c:3041:19:UART_CheckIdleState	32	static
stm32l0xx_hal_uart.c:3092:19:UART_WaitOnFlagUntilTimeout	24	static
stm32l0xx_hal_uart.c:3125:13:UART_EndTxTransfer	16	static
stm32l0xx_hal_uart.c:3140:13:UART_EndRxTransfer	16	static
stm32l0xx_hal_uart.c:3159:13:UART_DMATransmitCplt	24	static
stm32l0xx_hal_uart.c:3193:13:UART_DMATxHalfCplt	24	static
stm32l0xx_hal_uart.c:3211:13:UART_DMAReceiveCplt	24	static
stm32l0xx_hal_uart.c:3246:13:UART_DMARxHalfCplt	24	static
stm32l0xx_hal_uart.c:3264:13:UART_DMAError	32	static
stm32l0xx_hal_uart.c:3304:13:UART_DMAAbortOnError	24	static
stm32l0xx_hal_uart.c:3327:13:UART_DMATxAbortCallback	24	static
stm32l0xx_hal_uart.c:3376:13:UART_DMARxAbortCallback	24	static
stm32l0xx_hal_uart.c:3427:13:UART_DMATxOnlyAbortCallback	24	static
stm32l0xx_hal_uart.c:3455:13:UART_DMARxOnlyAbortCallback	24	static
stm32l0xx_hal_uart.c:3487:13:UART_TxISR_8BIT	16	static
stm32l0xx_hal_uart.c:3516:13:UART_TxISR_16BIT	24	static
stm32l0xx_hal_uart.c:3548:13:UART_EndTransmit_IT	16	static
stm32l0xx_hal_uart.c:3573:13:UART_RxISR_8BIT	24	static
stm32l0xx_hal_uart.c:3623:13:UART_RxISR_16BIT	24	static
