core_cm0plus.h:745:22:NVIC_EnableIRQ	16	static
core_cm0plus.h:756:22:NVIC_DisableIRQ	16	static
core_cm0plus.h:769:26:NVIC_GetPendingIRQ	16	static
core_cm0plus.h:780:22:NVIC_SetPendingIRQ	16	static
core_cm0plus.h:791:22:NVIC_ClearPendingIRQ	16	static
core_cm0plus.h:804:22:NVIC_SetPriority	24	static
core_cm0plus.h:828:26:NVIC_GetPriority	16	static
core_cm0plus.h:846:22:NVIC_SystemReset	8	static,ignoring_inline_asm
core_cm0plus.h:885:26:SysTick_Config	16	static
stm32l0xx_hal_cortex.c:132:6:HAL_NVIC_SetPriority	24	static
stm32l0xx_hal_cortex.c:148:6:HAL_NVIC_EnableIRQ	16	static
stm32l0xx_hal_cortex.c:164:6:HAL_NVIC_DisableIRQ	16	static
stm32l0xx_hal_cortex.c:177:6:HAL_NVIC_SystemReset	8	static
stm32l0xx_hal_cortex.c:190:10:HAL_SYSTICK_Config	16	static
stm32l0xx_hal_cortex.c:222:10:HAL_NVIC_GetPriority	16	static
stm32l0xx_hal_cortex.c:235:6:HAL_NVIC_SetPendingIRQ	16	static
stm32l0xx_hal_cortex.c:250:10:HAL_NVIC_GetPendingIRQ	16	static
stm32l0xx_hal_cortex.c:263:6:HAL_NVIC_ClearPendingIRQ	16	static
stm32l0xx_hal_cortex.c:278:6:HAL_SYSTICK_CLKSourceConfig	16	static
stm32l0xx_hal_cortex.c:296:6:HAL_SYSTICK_IRQHandler	8	static
stm32l0xx_hal_cortex.c:305:13:HAL_SYSTICK_Callback	8	static
stm32l0xx_hal_cortex.c:317:6:HAL_MPU_Disable	8	static,ignoring_inline_asm
stm32l0xx_hal_cortex.c:338:6:HAL_MPU_Enable	16	static,ignoring_inline_asm
stm32l0xx_hal_cortex.c:355:6:HAL_MPU_ConfigRegion	16	static
