stm32l0xx_hal.c:138:19:HAL_Init	16	static
stm32l0xx_hal.c:176:19:HAL_DeInit	8	static
stm32l0xx_hal.c:202:13:HAL_MspInit	8	static
stm32l0xx_hal.c:213:13:HAL_MspDeInit	8	static
stm32l0xx_hal.c:236:26:HAL_InitTick	24	static
stm32l0xx_hal.c:288:13:HAL_IncTick	8	static
stm32l0xx_hal.c:299:17:HAL_GetTick	8	static
stm32l0xx_hal.c:315:13:HAL_Delay	24	static
stm32l0xx_hal.c:341:13:HAL_SuspendTick	8	static
stm32l0xx_hal.c:357:13:HAL_ResumeTick	8	static
stm32l0xx_hal.c:367:10:HAL_GetHalVersion	8	static
stm32l0xx_hal.c:376:10:HAL_GetREVID	8	static
stm32l0xx_hal.c:385:10:HAL_GetDEVID	8	static
stm32l0xx_hal.c:394:10:HAL_GetUIDw0	8	static
stm32l0xx_hal.c:403:10:HAL_GetUIDw1	8	static
stm32l0xx_hal.c:412:10:HAL_GetUIDw2	8	static
stm32l0xx_hal.c:441:6:HAL_DBGMCU_EnableDBGSleepMode	8	static
stm32l0xx_hal.c:450:6:HAL_DBGMCU_DisableDBGSleepMode	8	static
stm32l0xx_hal.c:459:6:HAL_DBGMCU_EnableDBGStopMode	8	static
stm32l0xx_hal.c:468:6:HAL_DBGMCU_DisableDBGStopMode	8	static
stm32l0xx_hal.c:477:6:HAL_DBGMCU_EnableDBGStandbyMode	8	static
stm32l0xx_hal.c:486:6:HAL_DBGMCU_DisableDBGStandbyMode	8	static
stm32l0xx_hal.c:500:6:HAL_DBGMCU_DBG_EnableLowPowerConfig	16	static
stm32l0xx_hal.c:517:6:HAL_DBGMCU_DBG_DisableLowPowerConfig	16	static
stm32l0xx_hal.c:554:11:HAL_SYSCFG_GetBootMode	8	static
stm32l0xx_hal.c:571:6:HAL_SYSCFG_VREFINT_OutputSelect	16	static
stm32l0xx_hal.c:585:6:HAL_SYSCFG_Enable_Lock_VREFINT	8	static
stm32l0xx_hal.c:595:6:HAL_SYSCFG_Disable_Lock_VREFINT	8	static
