lis2dh12_reg.c:66:9:lis2dh12_read_reg	48	static
lis2dh12_reg.c:84:9:lis2dh12_write_reg	48	static
lis2dh12_reg.c:104:7:lis2dh12_from_fs2_hr_to_mg	16	static
lis2dh12_reg.c:109:7:lis2dh12_from_fs4_hr_to_mg	16	static
lis2dh12_reg.c:114:7:lis2dh12_from_fs8_hr_to_mg	16	static
lis2dh12_reg.c:119:7:lis2dh12_from_fs16_hr_to_mg	16	static
lis2dh12_reg.c:124:7:lis2dh12_from_lsb_hr_to_celsius	16	static
lis2dh12_reg.c:129:7:lis2dh12_from_fs2_nm_to_mg	16	static
lis2dh12_reg.c:134:7:lis2dh12_from_fs4_nm_to_mg	16	static
lis2dh12_reg.c:139:7:lis2dh12_from_fs8_nm_to_mg	16	static
lis2dh12_reg.c:144:7:lis2dh12_from_fs16_nm_to_mg	16	static
lis2dh12_reg.c:149:7:lis2dh12_from_lsb_nm_to_celsius	16	static
lis2dh12_reg.c:154:7:lis2dh12_from_fs2_lp_to_mg	16	static
lis2dh12_reg.c:159:7:lis2dh12_from_fs4_lp_to_mg	16	static
lis2dh12_reg.c:164:7:lis2dh12_from_fs8_lp_to_mg	16	static
lis2dh12_reg.c:169:7:lis2dh12_from_fs16_lp_to_mg	16	static
lis2dh12_reg.c:174:7:lis2dh12_from_lsb_lp_to_celsius	16	static
lis2dh12_reg.c:199:9:lis2dh12_temp_status_reg_get	24	static
lis2dh12_reg.c:213:9:lis2dh12_temp_data_ready_get	32	static
lis2dh12_reg.c:232:9:lis2dh12_temp_data_ovr_get	32	static
lis2dh12_reg.c:251:9:lis2dh12_temperature_raw_get	24	static
lis2dh12_reg.c:265:9:lis2dh12_temperature_meas_set	32	static
lis2dh12_reg.c:287:9:lis2dh12_temperature_meas_get	32	static
lis2dh12_reg.c:317:9:lis2dh12_operating_mode_set	32	static
lis2dh12_reg.c:358:9:lis2dh12_operating_mode_get	32	static
lis2dh12_reg.c:386:9:lis2dh12_data_rate_set	32	static
lis2dh12_reg.c:407:9:lis2dh12_data_rate_get	32	static
lis2dh12_reg.c:460:9:lis2dh12_high_pass_on_outputs_set	32	static
lis2dh12_reg.c:482:9:lis2dh12_high_pass_on_outputs_get	32	static
lis2dh12_reg.c:507:9:lis2dh12_high_pass_bandwidth_set	32	static
lis2dh12_reg.c:535:9:lis2dh12_high_pass_bandwidth_get	32	static
lis2dh12_reg.c:570:9:lis2dh12_high_pass_mode_set	32	static
lis2dh12_reg.c:591:9:lis2dh12_high_pass_mode_get	32	static
lis2dh12_reg.c:625:9:lis2dh12_full_scale_set	32	static
lis2dh12_reg.c:646:9:lis2dh12_full_scale_get	32	static
lis2dh12_reg.c:680:9:lis2dh12_block_data_update_set	32	static
lis2dh12_reg.c:701:9:lis2dh12_block_data_update_get	32	static
lis2dh12_reg.c:721:9:lis2dh12_filter_reference_set	24	static
lis2dh12_reg.c:737:9:lis2dh12_filter_reference_get	24	static
lis2dh12_reg.c:751:9:lis2dh12_xl_data_ready_get	32	static
lis2dh12_reg.c:769:9:lis2dh12_xl_data_ovr_get	32	static
lis2dh12_reg.c:787:9:lis2dh12_acceleration_raw_get	24	static
lis2dh12_reg.c:813:9:lis2dh12_device_id_get	24	static
lis2dh12_reg.c:827:9:lis2dh12_self_test_set	32	static
lis2dh12_reg.c:848:9:lis2dh12_self_test_get	32	static
lis2dh12_reg.c:879:9:lis2dh12_data_format_set	32	static
lis2dh12_reg.c:900:9:lis2dh12_data_format_get	32	static
lis2dh12_reg.c:928:9:lis2dh12_boot_set	32	static
lis2dh12_reg.c:949:9:lis2dh12_boot_get	32	static
lis2dh12_reg.c:968:9:lis2dh12_status_get	24	static
lis2dh12_reg.c:995:9:lis2dh12_int1_gen_conf_set	24	static
lis2dh12_reg.c:1011:9:lis2dh12_int1_gen_conf_get	24	static
lis2dh12_reg.c:1027:9:lis2dh12_int1_gen_source_get	24	static
lis2dh12_reg.c:1044:9:lis2dh12_int1_gen_threshold_set	32	static
lis2dh12_reg.c:1067:9:lis2dh12_int1_gen_threshold_get	32	static
lis2dh12_reg.c:1087:9:lis2dh12_int1_gen_duration_set	32	static
lis2dh12_reg.c:1109:9:lis2dh12_int1_gen_duration_get	32	static
lis2dh12_reg.c:1141:9:lis2dh12_int2_gen_conf_set	24	static
lis2dh12_reg.c:1157:9:lis2dh12_int2_gen_conf_get	24	static
lis2dh12_reg.c:1172:9:lis2dh12_int2_gen_source_get	24	static
lis2dh12_reg.c:1189:9:lis2dh12_int2_gen_threshold_set	32	static
lis2dh12_reg.c:1212:9:lis2dh12_int2_gen_threshold_get	32	static
lis2dh12_reg.c:1232:9:lis2dh12_int2_gen_duration_set	32	static
lis2dh12_reg.c:1254:9:lis2dh12_int2_gen_duration_get	32	static
lis2dh12_reg.c:1285:9:lis2dh12_high_pass_int_conf_set	32	static
lis2dh12_reg.c:1307:9:lis2dh12_high_pass_int_conf_get	32	static
lis2dh12_reg.c:1354:9:lis2dh12_pin_int1_config_set	24	static
lis2dh12_reg.c:1370:9:lis2dh12_pin_int1_config_get	24	static
lis2dh12_reg.c:1387:9:lis2dh12_int2_pin_detect_4d_set	32	static
lis2dh12_reg.c:1409:9:lis2dh12_int2_pin_detect_4d_get	32	static
lis2dh12_reg.c:1430:9:lis2dh12_int2_pin_notification_mode_set	32	static
lis2dh12_reg.c:1454:9:lis2dh12_int2_pin_notification_mode_get	32	static
lis2dh12_reg.c:1484:9:lis2dh12_int1_pin_detect_4d_set	32	static
lis2dh12_reg.c:1506:9:lis2dh12_int1_pin_detect_4d_get	32	static
lis2dh12_reg.c:1526:9:lis2dh12_int1_pin_notification_mode_set	32	static
lis2dh12_reg.c:1549:9:lis2dh12_int1_pin_notification_mode_get	32	static
lis2dh12_reg.c:1578:9:lis2dh12_pin_int2_config_set	24	static
lis2dh12_reg.c:1594:9:lis2dh12_pin_int2_config_get	24	static
lis2dh12_reg.c:1621:9:lis2dh12_fifo_set	32	static
lis2dh12_reg.c:1642:9:lis2dh12_fifo_get	32	static
lis2dh12_reg.c:1661:9:lis2dh12_fifo_watermark_set	32	static
lis2dh12_reg.c:1682:9:lis2dh12_fifo_watermark_get	32	static
lis2dh12_reg.c:1701:9:lis2dh12_fifo_trigger_event_set	32	static
lis2dh12_reg.c:1723:9:lis2dh12_fifo_trigger_event_get	32	static
lis2dh12_reg.c:1752:9:lis2dh12_fifo_mode_set	32	static
lis2dh12_reg.c:1773:9:lis2dh12_fifo_mode_get	32	static
lis2dh12_reg.c:1807:9:lis2dh12_fifo_status_get	24	static
lis2dh12_reg.c:1822:9:lis2dh12_fifo_data_level_get	32	static
lis2dh12_reg.c:1840:9:lis2dh12_fifo_empty_flag_get	32	static
lis2dh12_reg.c:1858:9:lis2dh12_fifo_ovr_flag_get	32	static
lis2dh12_reg.c:1876:9:lis2dh12_fifo_fth_flag_get	32	static
lis2dh12_reg.c:1907:9:lis2dh12_tap_conf_set	24	static
lis2dh12_reg.c:1922:9:lis2dh12_tap_conf_get	24	static
lis2dh12_reg.c:1936:9:lis2dh12_tap_source_get	24	static
lis2dh12_reg.c:1951:9:lis2dh12_tap_threshold_set	32	static
lis2dh12_reg.c:1973:9:lis2dh12_tap_threshold_get	32	static
lis2dh12_reg.c:1995:9:lis2dh12_tap_notification_mode_set	32	static
lis2dh12_reg.c:2020:9:lis2dh12_tap_notification_mode_get	32	static
lis2dh12_reg.c:2051:9:lis2dh12_shock_dur_set	32	static
lis2dh12_reg.c:2074:9:lis2dh12_shock_dur_get	32	static
lis2dh12_reg.c:2096:9:lis2dh12_quiet_dur_set	24	static
lis2dh12_reg.c:2120:9:lis2dh12_quiet_dur_get	32	static
lis2dh12_reg.c:2142:9:lis2dh12_double_tap_timeout_set	24	static
lis2dh12_reg.c:2166:9:lis2dh12_double_tap_timeout_get	32	static
lis2dh12_reg.c:2200:9:lis2dh12_act_threshold_set	32	static
lis2dh12_reg.c:2223:9:lis2dh12_act_threshold_get	32	static
lis2dh12_reg.c:2243:9:lis2dh12_act_timeout_set	24	static
lis2dh12_reg.c:2265:9:lis2dh12_act_timeout_get	32	static
lis2dh12_reg.c:2297:9:lis2dh12_pin_sdo_sa0_mode_set	32	static
lis2dh12_reg.c:2319:9:lis2dh12_pin_sdo_sa0_mode_get	32	static
lis2dh12_reg.c:2348:9:lis2dh12_spi_mode_set	32	static
lis2dh12_reg.c:2369:9:lis2dh12_spi_mode_get	32	static
